+ module load env/staging/2024.1
+ '[' -z '' ']'
+ case "$-" in
+ __lmod_sh_dbg=x
+ '[' -n x ']'
+ set +x
Shell debugging temporarily silenced: export LMOD_SH_DBG_ON=1 for Lmod's output

Lmod is automatically replacing "env/release/2025.1" with "env/staging/2024.1".

Shell debugging restarted
+ unset __lmod_sh_dbg
+ return 0
+ module load NVHPC
+ '[' -z '' ']'
+ case "$-" in
+ __lmod_sh_dbg=x
+ '[' -n x ']'
+ set +x
Shell debugging temporarily silenced: export LMOD_SH_DBG_ON=1 for Lmod's output
Shell debugging restarted
+ unset __lmod_sh_dbg
+ return 0
+ module load GCC
+ '[' -z '' ']'
+ case "$-" in
+ __lmod_sh_dbg=x
+ '[' -n x ']'
+ set +x
Shell debugging temporarily silenced: export LMOD_SH_DBG_ON=1 for Lmod's output
Shell debugging restarted
+ unset __lmod_sh_dbg
+ return 0
+ module load Python/3.11.10-GCCcore-13.3.0
+ '[' -z '' ']'
+ case "$-" in
+ __lmod_sh_dbg=x
+ '[' -n x ']'
+ set +x
Shell debugging temporarily silenced: export LMOD_SH_DBG_ON=1 for Lmod's output
Shell debugging restarted
+ unset __lmod_sh_dbg
+ return 0
+ load_puv
/var/spool/parastation/jobs/4703015: line 17: load_puv: command not found
+ export HYDRA_FULL_ERROR=1
+ HYDRA_FULL_ERROR=1
+ export OMP_NUM_THREADS=4
+ OMP_NUM_THREADS=4
+ export NCCL_ASYNC_ERROR_HANDLING=1
+ NCCL_ASYNC_ERROR_HANDLING=1
+ export PYTORCH_CUDA_ALLOC_CONF=expandable_segments:True
+ PYTORCH_CUDA_ALLOC_CONF=expandable_segments:True
+ nb=0
+ DATE=2024-10-02
+ sed -e 's|/membre3/|/membre0/|g' -e 's|database_3\.db|database_0.db|g' dataset_arome_ia_sdedit_0.yaml
sed: can't read dataset_arome_ia_sdedit_0.yaml: No such file or directory
+ puv run anemoi-datasets create dataset_arome_ia_sdedit_0_tmp.yaml /project/home/p200177/DE_371/angeliquebonamy/anemoi/inferences/dataset_SDEDIT_102024/membre0/sdedit_mb0_19_2024.zarr
2026-06-11 16:58:23 INFO 🎬 Task init((),{}) starting
Traceback (most recent call last):
  File "/project/home/p200177/venvs/u102751/create-datasets-a52846d266/bin/anemoi-datasets", line 10, in <module>
    sys.exit(main())
             ^^^^^^
  File "/project/home/p200177/venvs/u102751/create-datasets-a52846d266/lib/python3.11/site-packages/anemoi/datasets/__main__.py", line 33, in main
    cli_main(__version__, __doc__, COMMANDS)
  File "/project/home/p200177/venvs/u102751/create-datasets-a52846d266/lib/python3.11/site-packages/anemoi/utils/cli.py", line 266, in cli_main
    cmd.run(args)
  File "/project/home/p200177/venvs/u102751/create-datasets-a52846d266/lib/python3.11/site-packages/anemoi/datasets/commands/create.py", line 102, in run
    self.serial_create(args)
  File "/project/home/p200177/venvs/u102751/create-datasets-a52846d266/lib/python3.11/site-packages/anemoi/datasets/commands/create.py", line 118, in serial_create
    task("init", options)
  File "/project/home/p200177/venvs/u102751/create-datasets-a52846d266/lib/python3.11/site-packages/anemoi/datasets/commands/create.py", line 52, in task
    c = creator_factory(what.replace("-", "_"), **options)
        ^^^^^^^^^^^^^^^^^^^^^^^^^^^^^^^^^^^^^^^^^^^^^^^^^^
  File "/project/home/p200177/venvs/u102751/create-datasets-a52846d266/lib/python3.11/site-packages/anemoi/datasets/create/__init__.py", line 1621, in creator_factory
    return cls(**kwargs)
           ^^^^^^^^^^^^^
  File "/project/home/p200177/venvs/u102751/create-datasets-a52846d266/lib/python3.11/site-packages/anemoi/datasets/create/__init__.py", line 610, in __init__
    raise Exception(f"{path} already exists. Use overwrite=True to overwrite.")
Exception: /project/home/p200177/DE_371/angeliquebonamy/anemoi/inferences/dataset_SDEDIT_102024/membre0/sdedit_mb0_19_2024.zarr already exists. Use overwrite=True to overwrite.
